This is pdfTeX, Version 3.141592653-2.6-1.40.25 (TeX Live 2023/Debian) (preloaded format=pdflatex 2026.8.16)  16 AUG 2026 13:36
entering extended mode
 restricted \write18 enabled.
 %&-line parsing enabled.
**Sports_Squad_Interview_Report.tex
(./Sports_Squad_Interview_Report.tex
LaTeX2e <2023-11-01> patch level 1
L3 programming layer <2024-01-22>
(/usr/share/texlive/texmf-dist/tex/latex/base/article.cls
Document Class: article 2023/05/17 v1.4n Standard LaTeX document class
(/usr/share/texlive/texmf-dist/tex/latex/base/size11.clo
File: size11.clo 2023/05/17 v1.4n Standard LaTeX file (size option)
)
\c@part=\count187
\c@section=\count188
\c@subsection=\count189
\c@subsubsection=\count190
\c@paragraph=\count191
\c@subparagraph=\count192
\c@figure=\count193
\c@table=\count194
\abovecaptionskip=\skip48
\belowcaptionskip=\skip49
\bibindent=\dimen140
)
(/usr/share/texlive/texmf-dist/tex/latex/base/inputenc.sty
Package: inputenc 2021/02/14 v1.3d Input encoding file
\inpenc@prehook=\toks17
\inpenc@posthook=\toks18
)
(/usr/share/texlive/texmf-dist/tex/latex/base/fontenc.sty
Package: fontenc 2021/04/29 v2.0v Standard LaTeX package
)
(/usr/share/texmf/tex/latex/lm/lmodern.sty
Package: lmodern 2015/05/01 v1.6.1 Latin Modern Fonts
LaTeX Font Info:    Overwriting symbol font `operators' in version `normal'
(Font)                  OT1/cmr/m/n --> OT1/lmr/m/n on input line 22.
LaTeX Font Info:    Overwriting symbol font `letters' in version `normal'
(Font)                  OML/cmm/m/it --> OML/lmm/m/it on input line 23.
LaTeX Font Info:    Overwriting symbol font `symbols' in version `normal'
(Font)                  OMS/cmsy/m/n --> OMS/lmsy/m/n on input line 24.
LaTeX Font Info:    Overwriting symbol font `largesymbols' in version `normal'
(Font)                  OMX/cmex/m/n --> OMX/lmex/m/n on input line 25.
LaTeX Font Info:    Overwriting symbol font `operators' in version `bold'
(Font)                  OT1/cmr/bx/n --> OT1/lmr/bx/n on input line 26.
LaTeX Font Info:    Overwriting symbol font `letters' in version `bold'
(Font)                  OML/cmm/b/it --> OML/lmm/b/it on input line 27.
LaTeX Font Info:    Overwriting symbol font `symbols' in version `bold'
(Font)                  OMS/cmsy/b/n --> OMS/lmsy/b/n on input line 28.
LaTeX Font Info:    Overwriting symbol font `largesymbols' in version `bold'
(Font)                  OMX/cmex/m/n --> OMX/lmex/m/n on input line 29.
LaTeX Font Info:    Overwriting math alphabet `\mathbf' in version `normal'
(Font)                  OT1/cmr/bx/n --> OT1/lmr/bx/n on input line 31.
LaTeX Font Info:    Overwriting math alphabet `\mathsf' in version `normal'
(Font)                  OT1/cmss/m/n --> OT1/lmss/m/n on input line 32.
LaTeX Font Info:    Overwriting math alphabet `\mathit' in version `normal'
(Font)                  OT1/cmr/m/it --> OT1/lmr/m/it on input line 33.
LaTeX Font Info:    Overwriting math alphabet `\mathtt' in version `normal'
(Font)                  OT1/cmtt/m/n --> OT1/lmtt/m/n on input line 34.
LaTeX Font Info:    Overwriting math alphabet `\mathbf' in version `bold'
(Font)                  OT1/cmr/bx/n --> OT1/lmr/bx/n on input line 35.
LaTeX Font Info:    Overwriting math alphabet `\mathsf' in version `bold'
(Font)                  OT1/cmss/bx/n --> OT1/lmss/bx/n on input line 36.
LaTeX Font Info:    Overwriting math alphabet `\mathit' in version `bold'
(Font)                  OT1/cmr/bx/it --> OT1/lmr/bx/it on input line 37.
LaTeX Font Info:    Overwriting math alphabet `\mathtt' in version `bold'
(Font)                  OT1/cmtt/m/n --> OT1/lmtt/m/n on input line 38.
)
(/usr/share/texlive/texmf-dist/tex/latex/geometry/geometry.sty
Package: geometry 2020/01/02 v5.9 Page Geometry

(/usr/share/texlive/texmf-dist/tex/latex/graphics/keyval.sty
Package: keyval 2022/05/29 v1.15 key=value parser (DPC)
\KV@toks@=\toks19
)
(/usr/share/texlive/texmf-dist/tex/generic/iftex/ifvtex.sty
Package: ifvtex 2019/10/25 v1.7 ifvtex legacy package. Use iftex instead.

(/usr/share/texlive/texmf-dist/tex/generic/iftex/iftex.sty
Package: iftex 2022/02/03 v1.0f TeX engine tests
))
\Gm@cnth=\count195
\Gm@cntv=\count196
\c@Gm@tempcnt=\count197
\Gm@bindingoffset=\dimen141
\Gm@wd@mp=\dimen142
\Gm@odd@mp=\dimen143
\Gm@even@mp=\dimen144
\Gm@layoutwidth=\dimen145
\Gm@layoutheight=\dimen146
\Gm@layouthoffset=\dimen147
\Gm@layoutvoffset=\dimen148
\Gm@dimlist=\toks20
)
(/usr/share/texlive/texmf-dist/tex/latex/booktabs/booktabs.sty
Package: booktabs 2020/01/12 v1.61803398 Publication quality tables
\heavyrulewidth=\dimen149
\lightrulewidth=\dimen150
\cmidrulewidth=\dimen151
\belowrulesep=\dimen152
\belowbottomsep=\dimen153
\aboverulesep=\dimen154
\abovetopsep=\dimen155
\cmidrulesep=\dimen156
\cmidrulekern=\dimen157
\defaultaddspace=\dimen158
\@cmidla=\count198
\@cmidlb=\count199
\@aboverulesep=\dimen159
\@belowrulesep=\dimen160
\@thisruleclass=\count266
\@lastruleclass=\count267
\@thisrulewidth=\dimen161
)
(/usr/share/texlive/texmf-dist/tex/latex/tools/tabularx.sty
Package: tabularx 2023/07/08 v2.11c `tabularx' package (DPC)

(/usr/share/texlive/texmf-dist/tex/latex/tools/array.sty
Package: array 2023/10/16 v2.5g Tabular extension package (FMi)
\col@sep=\dimen162
\ar@mcellbox=\box51
\extrarowheight=\dimen163
\NC@list=\toks21
\extratabsurround=\skip50
\backup@length=\skip51
\ar@cellbox=\box52
)
\TX@col@width=\dimen164
\TX@old@table=\dimen165
\TX@old@col=\dimen166
\TX@target=\dimen167
\TX@delta=\dimen168
\TX@cols=\count268
\TX@ftn=\toks22
)
(/usr/share/texlive/texmf-dist/tex/latex/tools/longtable.sty
Package: longtable 2023-11-01 v4.19 Multi-page Table package (DPC)
\LTleft=\skip52
\LTright=\skip53
\LTpre=\skip54
\LTpost=\skip55
\LTchunksize=\count269
\LTcapwidth=\dimen169
\LT@head=\box53
\LT@firsthead=\box54
\LT@foot=\box55
\LT@lastfoot=\box56
\LT@gbox=\box57
\LT@cols=\count270
\LT@rows=\count271
\c@LT@tables=\count272
\c@LT@chunks=\count273
\LT@p@ftn=\toks23
)
(/usr/share/texlive/texmf-dist/tex/latex/enumitem/enumitem.sty
Package: enumitem 2019/06/20 v3.9 Customized lists
\labelindent=\skip56
\enit@outerparindent=\dimen170
\enit@toks=\toks24
\enit@inbox=\box58
\enit@count@id=\count274
\enitdp@description=\count275
)
(/usr/share/texlive/texmf-dist/tex/latex/hyperref/hyperref.sty
Package: hyperref 2024-01-20 v7.01h Hypertext links for LaTeX

(/usr/share/texlive/texmf-dist/tex/latex/kvsetkeys/kvsetkeys.sty
Package: kvsetkeys 2022-10-05 v1.19 Key value parser (HO)
)
(/usr/share/texlive/texmf-dist/tex/generic/kvdefinekeys/kvdefinekeys.sty
Package: kvdefinekeys 2019-12-19 v1.6 Define keys (HO)
)
(/usr/share/texlive/texmf-dist/tex/generic/pdfescape/pdfescape.sty
Package: pdfescape 2019/12/09 v1.15 Implements pdfTeX's escape features (HO)

(/usr/share/texlive/texmf-dist/tex/generic/ltxcmds/ltxcmds.sty
Package: ltxcmds 2023-12-04 v1.26 LaTeX kernel commands for general use (HO)
)
(/usr/share/texlive/texmf-dist/tex/generic/pdftexcmds/pdftexcmds.sty
Package: pdftexcmds 2020-06-27 v0.33 Utility functions of pdfTeX for LuaTeX (HO
)

(/usr/share/texlive/texmf-dist/tex/generic/infwarerr/infwarerr.sty
Package: infwarerr 2019/12/03 v1.5 Providing info/warning/error messages (HO)
)
Package pdftexcmds Info: \pdf@primitive is available.
Package pdftexcmds Info: \pdf@ifprimitive is available.
Package pdftexcmds Info: \pdfdraftmode found.
))
(/usr/share/texlive/texmf-dist/tex/latex/hycolor/hycolor.sty
Package: hycolor 2020-01-27 v1.10 Color options for hyperref/bookmark (HO)
)
(/usr/share/texlive/texmf-dist/tex/latex/auxhook/auxhook.sty
Package: auxhook 2019-12-17 v1.6 Hooks for auxiliary files (HO)
)
(/usr/share/texlive/texmf-dist/tex/latex/hyperref/nameref.sty
Package: nameref 2023-11-26 v2.56 Cross-referencing by name of section

(/usr/share/texlive/texmf-dist/tex/latex/refcount/refcount.sty
Package: refcount 2019/12/15 v3.6 Data extraction from label references (HO)
)
(/usr/share/texlive/texmf-dist/tex/generic/gettitlestring/gettitlestring.sty
Package: gettitlestring 2019/12/15 v1.6 Cleanup title references (HO)

(/usr/share/texlive/texmf-dist/tex/latex/kvoptions/kvoptions.sty
Package: kvoptions 2022-06-15 v3.15 Key value format for package options (HO)
))
\c@section@level=\count276
)
(/usr/share/texlive/texmf-dist/tex/latex/etoolbox/etoolbox.sty
Package: etoolbox 2020/10/05 v2.5k e-TeX tools for LaTeX (JAW)
\etb@tempcnta=\count277
)
\@linkdim=\dimen171
\Hy@linkcounter=\count278
\Hy@pagecounter=\count279

(/usr/share/texlive/texmf-dist/tex/latex/hyperref/pd1enc.def
File: pd1enc.def 2024-01-20 v7.01h Hyperref: PDFDocEncoding definition (HO)
Now handling font encoding PD1 ...
... no UTF-8 mapping file for font encoding PD1
)
(/usr/share/texlive/texmf-dist/tex/generic/intcalc/intcalc.sty
Package: intcalc 2019/12/15 v1.3 Expandable calculations with integers (HO)
)
\Hy@SavedSpaceFactor=\count280

(/usr/share/texlive/texmf-dist/tex/latex/hyperref/puenc.def
File: puenc.def 2024-01-20 v7.01h Hyperref: PDF Unicode definition (HO)
Now handling font encoding PU ...
... no UTF-8 mapping file for font encoding PU
)
Package hyperref Info: Hyper figures OFF on input line 4179.
Package hyperref Info: Link nesting OFF on input line 4184.
Package hyperref Info: Hyper index ON on input line 4187.
Package hyperref Info: Plain pages OFF on input line 4194.
Package hyperref Info: Backreferencing OFF on input line 4199.
Package hyperref Info: Implicit mode ON; LaTeX internals redefined.
Package hyperref Info: Bookmarks ON on input line 4446.
\c@Hy@tempcnt=\count281

(/usr/share/texlive/texmf-dist/tex/latex/url/url.sty
\Urlmuskip=\muskip16
Package: url 2013/09/16  ver 3.4  Verb mode for urls, etc.
)
LaTeX Info: Redefining \url on input line 4784.
\XeTeXLinkMargin=\dimen172

(/usr/share/texlive/texmf-dist/tex/generic/bitset/bitset.sty
Package: bitset 2019/12/09 v1.3 Handle bit-vector datatype (HO)

(/usr/share/texlive/texmf-dist/tex/generic/bigintcalc/bigintcalc.sty
Package: bigintcalc 2019/12/15 v1.5 Expandable calculations on big integers (HO
)
))
\Fld@menulength=\count282
\Field@Width=\dimen173
\Fld@charsize=\dimen174
Package hyperref Info: Hyper figures OFF on input line 6063.
Package hyperref Info: Link nesting OFF on input line 6068.
Package hyperref Info: Hyper index ON on input line 6071.
Package hyperref Info: backreferencing OFF on input line 6078.
Package hyperref Info: Link coloring OFF on input line 6083.
Package hyperref Info: Link coloring with OCG OFF on input line 6088.
Package hyperref Info: PDF/A mode OFF on input line 6093.

(/usr/share/texlive/texmf-dist/tex/latex/base/atbegshi-ltx.sty
Package: atbegshi-ltx 2021/01/10 v1.0c Emulation of the original atbegshi
package with kernel methods
)
\Hy@abspage=\count283
\c@Item=\count284
\c@Hfootnote=\count285
)
Package hyperref Info: Driver (autodetected): hpdftex.

(/usr/share/texlive/texmf-dist/tex/latex/hyperref/hpdftex.def
File: hpdftex.def 2024-01-20 v7.01h Hyperref driver for pdfTeX

(/usr/share/texlive/texmf-dist/tex/latex/base/atveryend-ltx.sty
Package: atveryend-ltx 2020/08/19 v1.0a Emulation of the original atveryend pac
kage
with kernel methods
)
\Fld@listcount=\count286
\c@bookmark@seq@number=\count287

(/usr/share/texlive/texmf-dist/tex/latex/rerunfilecheck/rerunfilecheck.sty
Package: rerunfilecheck 2022-07-10 v1.10 Rerun checks for auxiliary files (HO)

(/usr/share/texlive/texmf-dist/tex/generic/uniquecounter/uniquecounter.sty
Package: uniquecounter 2019/12/15 v1.4 Provide unlimited unique counter (HO)
)
Package uniquecounter Info: New unique counter `rerunfilecheck' on input line 2
85.
)
\Hy@SectionHShift=\skip57
)
(/usr/share/texlive/texmf-dist/tex/latex/xcolor/xcolor.sty
Package: xcolor 2023/11/15 v3.01 LaTeX color extensions (UK)

(/usr/share/texlive/texmf-dist/tex/latex/graphics-cfg/color.cfg
File: color.cfg 2016/01/02 v1.6 sample color configuration
)
Package xcolor Info: Driver file: pdftex.def on input line 274.

(/usr/share/texlive/texmf-dist/tex/latex/graphics-def/pdftex.def
File: pdftex.def 2022/09/22 v1.2b Graphics/color driver for pdftex
)
(/usr/share/texlive/texmf-dist/tex/latex/graphics/mathcolor.ltx)
Package xcolor Info: Model `cmy' substituted by `cmy0' on input line 1350.
Package xcolor Info: Model `hsb' substituted by `rgb' on input line 1354.
Package xcolor Info: Model `RGB' extended on input line 1366.
Package xcolor Info: Model `HTML' substituted by `rgb' on input line 1368.
Package xcolor Info: Model `Hsb' substituted by `hsb' on input line 1369.
Package xcolor Info: Model `tHsb' substituted by `hsb' on input line 1370.
Package xcolor Info: Model `HSB' substituted by `hsb' on input line 1371.
Package xcolor Info: Model `Gray' substituted by `gray' on input line 1372.
Package xcolor Info: Model `wave' substituted by `hsb' on input line 1373.
)
(/usr/share/texlive/texmf-dist/tex/latex/fancyhdr/fancyhdr.sty
Package: fancyhdr 2022/11/09 v4.1 Extensive control of page headers and footers

\f@nch@headwidth=\skip58
\f@nch@O@elh=\skip59
\f@nch@O@erh=\skip60
\f@nch@O@olh=\skip61
\f@nch@O@orh=\skip62
\f@nch@O@elf=\skip63
\f@nch@O@erf=\skip64
\f@nch@O@olf=\skip65
\f@nch@O@orf=\skip66
)
(/usr/share/texlive/texmf-dist/tex/latex/titlesec/titlesec.sty
Package: titlesec 2023/10/27 v2.16 Sectioning titles
\ttl@box=\box59
\beforetitleunit=\skip67
\aftertitleunit=\skip68
\ttl@plus=\dimen175
\ttl@minus=\dimen176
\ttl@toksa=\toks25
\titlewidth=\dimen177
\titlewidthlast=\dimen178
\titlewidthfirst=\dimen179
)
(/usr/share/texlive/texmf-dist/tex/latex/graphics/graphicx.sty
Package: graphicx 2021/09/16 v1.2d Enhanced LaTeX Graphics (DPC,SPQR)

(/usr/share/texlive/texmf-dist/tex/latex/graphics/graphics.sty
Package: graphics 2022/03/10 v1.4e Standard LaTeX Graphics (DPC,SPQR)

(/usr/share/texlive/texmf-dist/tex/latex/graphics/trig.sty
Package: trig 2021/08/11 v1.11 sin cos tan (DPC)
)
(/usr/share/texlive/texmf-dist/tex/latex/graphics-cfg/graphics.cfg
File: graphics.cfg 2016/06/04 v1.11 sample graphics configuration
)
Package graphics Info: Driver file: pdftex.def on input line 107.
)
\Gin@req@height=\dimen180
\Gin@req@width=\dimen181
)
(/usr/share/texlive/texmf-dist/tex/latex/amsmath/amsmath.sty
Package: amsmath 2023/05/13 v2.17o AMS math features
\@mathmargin=\skip69

For additional information on amsmath, use the `?' option.
(/usr/share/texlive/texmf-dist/tex/latex/amsmath/amstext.sty
Package: amstext 2021/08/26 v2.01 AMS text

(/usr/share/texlive/texmf-dist/tex/latex/amsmath/amsgen.sty
File: amsgen.sty 1999/11/30 v2.0 generic functions
\@emptytoks=\toks26
\ex@=\dimen182
))
(/usr/share/texlive/texmf-dist/tex/latex/amsmath/amsbsy.sty
Package: amsbsy 1999/11/29 v1.2d Bold Symbols
\pmbraise@=\dimen183
)
(/usr/share/texlive/texmf-dist/tex/latex/amsmath/amsopn.sty
Package: amsopn 2022/04/08 v2.04 operator names
)
\inf@bad=\count288
LaTeX Info: Redefining \frac on input line 234.
\uproot@=\count289
\leftroot@=\count290
LaTeX Info: Redefining \overline on input line 399.
LaTeX Info: Redefining \colon on input line 410.
\classnum@=\count291
\DOTSCASE@=\count292
LaTeX Info: Redefining \ldots on input line 496.
LaTeX Info: Redefining \dots on input line 499.
LaTeX Info: Redefining \cdots on input line 620.
\Mathstrutbox@=\box60
\strutbox@=\box61
LaTeX Info: Redefining \big on input line 722.
LaTeX Info: Redefining \Big on input line 723.
LaTeX Info: Redefining \bigg on input line 724.
LaTeX Info: Redefining \Bigg on input line 725.
\big@size=\dimen184
LaTeX Font Info:    Redeclaring font encoding OML on input line 743.
LaTeX Font Info:    Redeclaring font encoding OMS on input line 744.
\macc@depth=\count293
LaTeX Info: Redefining \bmod on input line 905.
LaTeX Info: Redefining \pmod on input line 910.
LaTeX Info: Redefining \smash on input line 940.
LaTeX Info: Redefining \relbar on input line 970.
LaTeX Info: Redefining \Relbar on input line 971.
\c@MaxMatrixCols=\count294
\dotsspace@=\muskip17
\c@parentequation=\count295
\dspbrk@lvl=\count296
\tag@help=\toks27
\row@=\count297
\column@=\count298
\maxfields@=\count299
\andhelp@=\toks28
\eqnshift@=\dimen185
\alignsep@=\dimen186
\tagshift@=\dimen187
\tagwidth@=\dimen188
\totwidth@=\dimen189
\lineht@=\dimen190
\@envbody=\toks29
\multlinegap=\skip70
\multlinetaggap=\skip71
\mathdisplay@stack=\toks30
LaTeX Info: Redefining \[ on input line 2953.
LaTeX Info: Redefining \] on input line 2954.
)
(/usr/share/texlive/texmf-dist/tex/latex/amsfonts/amssymb.sty
Package: amssymb 2013/01/14 v3.01 AMS font symbols

(/usr/share/texlive/texmf-dist/tex/latex/amsfonts/amsfonts.sty
Package: amsfonts 2013/01/14 v3.01 Basic AMSFonts support
\symAMSa=\mathgroup4
\symAMSb=\mathgroup5
LaTeX Font Info:    Redeclaring math symbol \hbar on input line 98.
LaTeX Font Info:    Overwriting math alphabet `\mathfrak' in version `bold'
(Font)                  U/euf/m/n --> U/euf/b/n on input line 106.
))
(/usr/share/texlive/texmf-dist/tex/latex/setspace/setspace.sty
Package: setspace 2022/12/04 v6.7b set line spacing
)
(/usr/share/texlive/texmf-dist/tex/latex/float/float.sty
Package: float 2001/11/08 v1.3d Float enhancements (AL)
\c@float@type=\count300
\float@exts=\toks31
\float@box=\box62
\@float@everytoks=\toks32
\@floatcapt=\box63
)
(/usr/share/texlive/texmf-dist/tex/latex/caption/caption.sty
Package: caption 2023/08/05 v3.6o Customizing captions (AR)

(/usr/share/texlive/texmf-dist/tex/latex/caption/caption3.sty
Package: caption3 2023/07/31 v2.4d caption3 kernel (AR)
\caption@tempdima=\dimen191
\captionmargin=\dimen192
\caption@leftmargin=\dimen193
\caption@rightmargin=\dimen194
\caption@width=\dimen195
\caption@indent=\dimen196
\caption@parindent=\dimen197
\caption@hangindent=\dimen198
Package caption Info: Standard document class detected.
)
\c@caption@flags=\count301
\c@continuedfloat=\count302
Package caption Info: float package is loaded.
Package caption Info: hyperref package is loaded.
Package caption Info: longtable package is loaded.

(/usr/share/texlive/texmf-dist/tex/latex/caption/ltcaption.sty
Package: ltcaption 2021/01/08 v1.4c longtable captions (AR)
))
(/usr/share/texlive/texmf-dist/tex/latex/microtype/microtype.sty
Package: microtype 2023/03/13 v3.1a Micro-typographical refinements (RS)
\MT@toks=\toks33
\MT@tempbox=\box64
\MT@count=\count303
LaTeX Info: Redefining \noprotrusionifhmode on input line 1059.
LaTeX Info: Redefining \leftprotrusion on input line 1060.
\MT@prot@toks=\toks34
LaTeX Info: Redefining \rightprotrusion on input line 1078.
LaTeX Info: Redefining \textls on input line 1368.
\MT@outer@kern=\dimen199
LaTeX Info: Redefining \textmicrotypecontext on input line 1988.
\MT@listname@count=\count304

(/usr/share/texlive/texmf-dist/tex/latex/microtype/microtype-pdftex.def
File: microtype-pdftex.def 2023/03/13 v3.1a Definitions specific to pdftex (RS)

LaTeX Info: Redefining \lsstyle on input line 902.
LaTeX Info: Redefining \lslig on input line 902.
\MT@outer@space=\skip72
)
Package microtype Info: Loading configuration file microtype.cfg.

(/usr/share/texlive/texmf-dist/tex/latex/microtype/microtype.cfg
File: microtype.cfg 2023/03/13 v3.1a microtype main configuration file (RS)
))
(/usr/share/texlive/texmf-dist/tex/latex/listings/listings.sty
\lst@mode=\count305
\lst@gtempboxa=\box65
\lst@token=\toks35
\lst@length=\count306
\lst@currlwidth=\dimen256
\lst@column=\count307
\lst@pos=\count308
\lst@lostspace=\dimen257
\lst@width=\dimen258
\lst@newlines=\count309
\lst@lineno=\count310
\lst@maxwidth=\dimen259

(/usr/share/texlive/texmf-dist/tex/latex/listings/lstmisc.sty
File: lstmisc.sty 2023/02/27 1.9 (Carsten Heinz)
\c@lstnumber=\count311
\lst@skipnumbers=\count312
\lst@framebox=\box66
)
(/usr/share/texlive/texmf-dist/tex/latex/listings/listings.cfg
File: listings.cfg 2023/02/27 1.9 listings configuration
))
Package: listings 2023/02/27 1.9 (Carsten Heinz)

(/usr/share/texlive/texmf-dist/tex/latex/parskip/parskip.sty
Package: parskip 2021-03-14 v2.0h non-zero parskip adjustments
)
Package hyperref Info: Option `colorlinks' set `true' on input line 42.
LaTeX Font Info:    Trying to load font information for T1+lmr on input line 60
.

(/usr/share/texmf/tex/latex/lm/t1lmr.fd
File: t1lmr.fd 2015/05/01 v1.6.1 Font defs for Latin Modern
)
(/usr/share/texlive/texmf-dist/tex/latex/l3backend/l3backend-pdftex.def
File: l3backend-pdftex.def 2024-01-04 L3 backend support: PDF output (pdfTeX)
\l__color_backend_stack_int=\count313
\l__pdf_internal_box=\box67
)
(./Sports_Squad_Interview_Report.aux)
\openout1 = `Sports_Squad_Interview_Report.aux'.

LaTeX Font Info:    Checking defaults for OML/cmm/m/it on input line 60.
LaTeX Font Info:    ... okay on input line 60.
LaTeX Font Info:    Checking defaults for OMS/cmsy/m/n on input line 60.
LaTeX Font Info:    ... okay on input line 60.
LaTeX Font Info:    Checking defaults for OT1/cmr/m/n on input line 60.
LaTeX Font Info:    ... okay on input line 60.
LaTeX Font Info:    Checking defaults for T1/cmr/m/n on input line 60.
LaTeX Font Info:    ... okay on input line 60.
LaTeX Font Info:    Checking defaults for TS1/cmr/m/n on input line 60.
LaTeX Font Info:    ... okay on input line 60.
LaTeX Font Info:    Checking defaults for OMX/cmex/m/n on input line 60.
LaTeX Font Info:    ... okay on input line 60.
LaTeX Font Info:    Checking defaults for U/cmr/m/n on input line 60.
LaTeX Font Info:    ... okay on input line 60.
LaTeX Font Info:    Checking defaults for PD1/pdf/m/n on input line 60.
LaTeX Font Info:    ... okay on input line 60.
LaTeX Font Info:    Checking defaults for PU/pdf/m/n on input line 60.
LaTeX Font Info:    ... okay on input line 60.

*geometry* driver: auto-detecting
*geometry* detected driver: pdftex
*geometry* verbose mode - [ preamble ] result:
* driver: pdftex
* paper: a4paper
* layout: <same size as paper>
* layoutoffset:(h,v)=(0.0pt,0.0pt)
* modes: 
* h-part:(L,W,R)=(59.26192pt, 478.98404pt, 59.26192pt)
* v-part:(T,H,B)=(59.26192pt, 726.52301pt, 59.26192pt)
* \paperwidth=597.50787pt
* \paperheight=845.04684pt
* \textwidth=478.98404pt
* \textheight=726.52301pt
* \oddsidemargin=-13.00807pt
* \evensidemargin=-13.00807pt
* \topmargin=-50.00807pt
* \headheight=12.0pt
* \headsep=25.0pt
* \topskip=11.0pt
* \footskip=30.0pt
* \marginparwidth=50.0pt
* \marginparsep=10.0pt
* \columnsep=10.0pt
* \skip\footins=10.0pt plus 4.0pt minus 2.0pt
* \hoffset=0.0pt
* \voffset=0.0pt
* \mag=1000
* \@twocolumnfalse
* \@twosidefalse
* \@mparswitchfalse
* \@reversemarginfalse
* (1in=72.27pt=25.4mm, 1cm=28.453pt)

Package hyperref Info: Link coloring ON on input line 60.
(./Sports_Squad_Interview_Report.out) (./Sports_Squad_Interview_Report.out)
\@outlinefile=\write3
\openout3 = `Sports_Squad_Interview_Report.out'.


(/usr/share/texlive/texmf-dist/tex/context/base/mkii/supp-pdf.mkii
[Loading MPS to PDF converter (version 2006.09.02).]
\scratchcounter=\count314
\scratchdimen=\dimen260
\scratchbox=\box68
\nofMPsegments=\count315
\nofMParguments=\count316
\everyMPshowfont=\toks36
\MPscratchCnt=\count317
\MPscratchDim=\dimen261
\MPnumerator=\count318
\makeMPintoPDFobject=\count319
\everyMPtoPDFconversion=\toks37
) (/usr/share/texlive/texmf-dist/tex/latex/epstopdf-pkg/epstopdf-base.sty
Package: epstopdf-base 2020-01-24 v2.11 Base part for package epstopdf
Package epstopdf-base Info: Redefining graphics rule for `.eps' on input line 4
85.

(/usr/share/texlive/texmf-dist/tex/latex/latexconfig/epstopdf-sys.cfg
File: epstopdf-sys.cfg 2010/07/13 v1.3 Configuration of (r)epstopdf for TeX Liv
e
))
Package caption Info: Begin \AtBeginDocument code.
Package caption Info: listings package is loaded.
Package caption Info: End \AtBeginDocument code.
LaTeX Info: Redefining \microtypecontext on input line 60.
Package microtype Info: Applying patch `item' on input line 60.
Package microtype Info: Applying patch `toc' on input line 60.
Package microtype Info: Applying patch `eqnum' on input line 60.


Package microtype Warning: Unable to apply patch `footnote' on input line 60.

Package microtype Info: Applying patch `verbatim' on input line 60.
Package microtype Info: Generating PDF output.
Package microtype Info: Character protrusion enabled (level 2).
Package microtype Info: Using default protrusion set `alltext'.
Package microtype Info: Automatic font expansion enabled (level 2),
(microtype)             stretch: 20, shrink: 20, step: 1, non-selected.
Package microtype Info: Using default expansion set `alltext-nott'.
LaTeX Info: Redefining \showhyphens on input line 60.
Package microtype Info: No adjustment of tracking.
Package microtype Info: No adjustment of interword spacing.
Package microtype Info: No adjustment of character kerning.
(/usr/share/texlive/texmf-dist/tex/latex/microtype/mt-cmr.cfg
File: mt-cmr.cfg 2013/05/19 v2.2 microtype config. file: Computer Modern Roman 
(RS)
)
\c@lstlisting=\count320
LaTeX Font Info:    Trying to load font information for OT1+lmr on input line 6
9.

(/usr/share/texmf/tex/latex/lm/ot1lmr.fd
File: ot1lmr.fd 2015/05/01 v1.6.1 Font defs for Latin Modern
)
LaTeX Font Info:    Trying to load font information for OML+lmm on input line 6
9.

(/usr/share/texmf/tex/latex/lm/omllmm.fd
File: omllmm.fd 2015/05/01 v1.6.1 Font defs for Latin Modern
)
LaTeX Font Info:    Trying to load font information for OMS+lmsy on input line 
69.

(/usr/share/texmf/tex/latex/lm/omslmsy.fd
File: omslmsy.fd 2015/05/01 v1.6.1 Font defs for Latin Modern
)
LaTeX Font Info:    Trying to load font information for OMX+lmex on input line 
69.

(/usr/share/texmf/tex/latex/lm/omxlmex.fd
File: omxlmex.fd 2015/05/01 v1.6.1 Font defs for Latin Modern
)
LaTeX Font Info:    External font `lmex10' loaded for size
(Font)              <10.95> on input line 69.
LaTeX Font Info:    External font `lmex10' loaded for size
(Font)              <8> on input line 69.
LaTeX Font Info:    External font `lmex10' loaded for size
(Font)              <6> on input line 69.
LaTeX Font Info:    Trying to load font information for U+msa on input line 69.


(/usr/share/texlive/texmf-dist/tex/latex/amsfonts/umsa.fd
File: umsa.fd 2013/01/14 v3.01 AMS symbols A
)
(/usr/share/texlive/texmf-dist/tex/latex/microtype/mt-msa.cfg
File: mt-msa.cfg 2006/02/04 v1.1 microtype config. file: AMS symbols (a) (RS)
)
LaTeX Font Info:    Trying to load font information for U+msb on input line 69.


(/usr/share/texlive/texmf-dist/tex/latex/amsfonts/umsb.fd
File: umsb.fd 2013/01/14 v3.01 AMS symbols B
)
(/usr/share/texlive/texmf-dist/tex/latex/microtype/mt-msb.cfg
File: mt-msb.cfg 2005/06/01 v1.0 microtype config. file: AMS symbols (b) (RS)
) [1

{/var/lib/texmf/fonts/map/pdftex/updmap/pdftex.map}{/usr/share/texmf/fonts/enc/
dvips/lm/lm-ec.enc}] (./Sports_Squad_Interview_Report.toc
pdfTeX warning (ext4): destination with the same identifier (name{page.1}) has 
been already used, duplicate ignored
<to be read again> 
                   \relax 
l.34 ...nimal File Structure}{11}{subsection.15.5}
                                                  % [1])
\tf@toc=\write4
\openout4 = `Sports_Squad_Interview_Report.toc'.

 [2]
LaTeX Font Info:    Trying to load font information for T1+lmtt on input line 9
1.

(/usr/share/texmf/tex/latex/lm/t1lmtt.fd
File: t1lmtt.fd 2015/05/01 v1.6.1 Font defs for Latin Modern
)
Package microtype Info: Loading generic protrusion settings for font family
(microtype)             `lmtt' (encoding: T1).
(microtype)             For optimal results, create family-specific settings.
(microtype)             See the microtype manual for details.
 [3{/usr/share/texmf/fonts/enc/dvips/lm/lm-mathsy.enc}] [4] [5]
Underfull \hbox (badness 10000) in paragraph at lines 209--210
[]|\T1/lmr/m/n/10.95 (+20) INVALID with ex-actly \T1/lmtt/m/n/10.95 PLAYER_UNAV
AILABLE: S08\T1/lmr/m/n/10.95 (+20) , then
 []

LaTeX Font Info:    Trying to load font information for TS1+lmr on input line 2
26.
(/usr/share/texmf/tex/latex/lm/ts1lmr.fd
File: ts1lmr.fd 2015/05/01 v1.6.1 Font defs for Latin Modern
) [6{/usr/share/texmf/fonts/enc/dvips/lm/lm-ts1.enc}] [7] [8] [9]
<../prompt images/01-requirements-understanding.png, id=414, 906.38625pt x 468.
24937pt>
File: ../prompt images/01-requirements-understanding.png Graphic file (type png
)
<use ../prompt images/01-requirements-understanding.png>
Package pdftex.def Info: ../prompt images/01-requirements-understanding.png  us
ed on input line 308.
(pdftex.def)             Requested size: 469.40115pt x 242.49792pt.
<../prompt images/02-requirement-review.png, id=416, 906.38625pt x 466.74374pt>

File: ../prompt images/02-requirement-review.png Graphic file (type png)
<use ../prompt images/02-requirement-review.png>
Package pdftex.def Info: ../prompt images/02-requirement-review.png  used on in
put line 310.
(pdftex.def)             Requested size: 469.40115pt x 241.71819pt.
<../prompt images/03-final-plan.png, id=417, 906.38625pt x 465.23813pt>
File: ../prompt images/03-final-plan.png Graphic file (type png)
<use ../prompt images/03-final-plan.png>
Package pdftex.def Info: ../prompt images/03-final-plan.png  used on input line
 312.
(pdftex.def)             Requested size: 469.40115pt x 240.93846pt.
 [10

 <../prompt images/01-requirements-understanding.png> <../prompt images/02-requ
irement-review.png>]
<../prompt images/04-tech-decision.png, id=427, 906.38625pt x 466.74374pt>
File: ../prompt images/04-tech-decision.png Graphic file (type png)
<use ../prompt images/04-tech-decision.png>
Package pdftex.def Info: ../prompt images/04-tech-decision.png  used on input l
ine 314.
(pdftex.def)             Requested size: 469.40115pt x 241.71819pt.
<../prompt images/05-file-structure.png, id=428, 906.38625pt x 466.74374pt>
File: ../prompt images/05-file-structure.png Graphic file (type png)
<use ../prompt images/05-file-structure.png>
Package pdftex.def Info: ../prompt images/05-file-structure.png  used on input 
line 316.
(pdftex.def)             Requested size: 469.40115pt x 241.71819pt.
 [11 <../prompt images/03-final-plan.png> <../prompt images/04-tech-decision.pn
g>]
<../prompt images/06-project-running.png, id=437, 906.38625pt x 471.26062pt>
File: ../prompt images/06-project-running.png Graphic file (type png)
<use ../prompt images/06-project-running.png>
Package pdftex.def Info: ../prompt images/06-project-running.png  used on input
 line 318.
(pdftex.def)             Requested size: 469.40115pt x 244.0574pt.
<../prompt images/07-roster.png, id=438, 906.38625pt x 468.24937pt>
File: ../prompt images/07-roster.png Graphic file (type png)
<use ../prompt images/07-roster.png>
Package pdftex.def Info: ../prompt images/07-roster.png  used on input line 320
.
(pdftex.def)             Requested size: 469.40115pt x 242.49792pt.
 [12 <../prompt images/05-file-structure.png> <../prompt images/06-project-runn
ing.png>]
<../prompt images/08-validator-design.png, id=448, 906.38625pt x 471.26062pt>
File: ../prompt images/08-validator-design.png Graphic file (type png)
<use ../prompt images/08-validator-design.png>
Package pdftex.def Info: ../prompt images/08-validator-design.png  used on inpu
t line 322.
(pdftex.def)             Requested size: 469.40115pt x 244.0574pt.
<../prompt images/09-invalid-reference-handling.png, id=449, 906.38625pt x 471.
26062pt>
File: ../prompt images/09-invalid-reference-handling.png Graphic file (type png
)
<use ../prompt images/09-invalid-reference-handling.png>
Package pdftex.def Info: ../prompt images/09-invalid-reference-handling.png  us
ed on input line 324.
(pdftex.def)             Requested size: 469.40115pt x 244.0574pt.
 [13 <../prompt images/07-roster.png> <../prompt images/08-validator-design.png
>]
<../prompt images/10-basic-rules.png, id=458, 1132.23pt x 585.68813pt>
File: ../prompt images/10-basic-rules.png Graphic file (type png)
<use ../prompt images/10-basic-rules.png>
Package pdftex.def Info: ../prompt images/10-basic-rules.png  used on input lin
e 326.
(pdftex.def)             Requested size: 469.40022pt x 242.81474pt.
<../prompt images/11-availability-rule.png, id=459, 906.38625pt x 383.93437pt>
File: ../prompt images/11-availability-rule.png Graphic file (type png)
<use ../prompt images/11-availability-rule.png>
Package pdftex.def Info: ../prompt images/11-availability-rule.png  used on inp
ut line 328.
(pdftex.def)             Requested size: 469.40115pt x 198.8327pt.
 [14 <../prompt images/09-invalid-reference-handling.png> <../prompt images/10-
basic-rules.png>]
<../prompt images/12-cohort-boundary.png, id=468, 906.38625pt x 469.755pt>
File: ../prompt images/12-cohort-boundary.png Graphic file (type png)
<use ../prompt images/12-cohort-boundary.png>
Package pdftex.def Info: ../prompt images/12-cohort-boundary.png  used on input
 line 330.
(pdftex.def)             Requested size: 469.40115pt x 243.27768pt.
<../prompt images/13-violation-order-review.png, id=469, 906.38625pt x 468.2493
7pt>
File: ../prompt images/13-violation-order-review.png Graphic file (type png)
<use ../prompt images/13-violation-order-review.png>
Package pdftex.def Info: ../prompt images/13-violation-order-review.png  used o
n input line 332.
(pdftex.def)             Requested size: 469.40115pt x 242.49792pt.
 [15 <../prompt images/11-availability-rule.png> <../prompt images/12-cohort-bo
undary.png>]
<../prompt images/14-valid-test.png, id=478, 906.38625pt x 472.76625pt>
File: ../prompt images/14-valid-test.png Graphic file (type png)
<use ../prompt images/14-valid-test.png>
Package pdftex.def Info: ../prompt images/14-valid-test.png  used on input line
 334.
(pdftex.def)             Requested size: 469.40115pt x 244.83714pt.
<../prompt images/15-required-invalid-test.png, id=479, 906.38625pt x 474.27188
pt>
File: ../prompt images/15-required-invalid-test.png Graphic file (type png)
<use ../prompt images/15-required-invalid-test.png>
Package pdftex.def Info: ../prompt images/15-required-invalid-test.png  used on
 input line 336.
(pdftex.def)             Requested size: 469.40115pt x 245.61688pt.
 [16 <../prompt images/13-violation-order-review.png> <../prompt images/14-vali
d-test.png>]
<../prompt images/16-six-player-test.png, id=488, 906.38625pt x 465.23813pt>
File: ../prompt images/16-six-player-test.png Graphic file (type png)
<use ../prompt images/16-six-player-test.png>
Package pdftex.def Info: ../prompt images/16-six-player-test.png  used on input
 line 338.
(pdftex.def)             Requested size: 469.40115pt x 240.93846pt.
<../prompt images/17-all-validator-tests.png, id=489, 906.38625pt x 466.74374pt
>
File: ../prompt images/17-all-validator-tests.png Graphic file (type png)
<use ../prompt images/17-all-validator-tests.png>
Package pdftex.def Info: ../prompt images/17-all-validator-tests.png  used on i
nput line 340.
(pdftex.def)             Requested size: 469.40115pt x 241.71819pt.
 [17 <../prompt images/15-required-invalid-test.png> <../prompt images/16-six-p
layer-test.png>]
<../prompt images/18-code-understanding.png, id=498, 906.38625pt x 463.7325pt>
File: ../prompt images/18-code-understanding.png Graphic file (type png)
<use ../prompt images/18-code-understanding.png>
Package pdftex.def Info: ../prompt images/18-code-understanding.png  used on in
put line 342.
(pdftex.def)             Requested size: 469.40115pt x 240.15872pt.
<../prompt images/19-roster-ui.png, id=499, 906.38625pt x 487.8225pt>
File: ../prompt images/19-roster-ui.png Graphic file (type png)
<use ../prompt images/19-roster-ui.png>
Package pdftex.def Info: ../prompt images/19-roster-ui.png  used on input line 
344.
(pdftex.def)             Requested size: 469.40115pt x 252.6345pt.
 [18 <../prompt images/17-all-validator-tests.png> <../prompt images/18-code-un
derstanding.png>]
<../prompt images/20-valid-browser-state.png, id=509, 906.38625pt x 484.81125pt
>
File: ../prompt images/20-valid-browser-state.png Graphic file (type png)
<use ../prompt images/20-valid-browser-state.png>
Package pdftex.def Info: ../prompt images/20-valid-browser-state.png  used on i
nput line 346.
(pdftex.def)             Requested size: 469.40115pt x 251.07503pt.
<../prompt images/21-sample-reset-controls.png, id=510, 906.38625pt x 478.78876
pt>
File: ../prompt images/21-sample-reset-controls.png Graphic file (type png)
<use ../prompt images/21-sample-reset-controls.png>
Package pdftex.def Info: ../prompt images/21-sample-reset-controls.png  used on
 input line 348.
(pdftex.def)             Requested size: 469.40115pt x 247.95609pt.
 [19 <../prompt images/19-roster-ui.png> <../prompt images/20-valid-browser-sta
te.png>]
<../prompt images/22-stale-state-review.png, id=519, 906.38625pt x 466.74374pt>

File: ../prompt images/22-stale-state-review.png Graphic file (type png)
<use ../prompt images/22-stale-state-review.png>
Package pdftex.def Info: ../prompt images/22-stale-state-review.png  used on in
put line 350.
(pdftex.def)             Requested size: 469.40115pt x 241.71819pt.
<../prompt images/23-final-ui-prompt.png, id=520, 906.38625pt x 484.81125pt>
File: ../prompt images/23-final-ui-prompt.png Graphic file (type png)
<use ../prompt images/23-final-ui-prompt.png>
Package pdftex.def Info: ../prompt images/23-final-ui-prompt.png  used on input
 line 352.
(pdftex.def)             Requested size: 469.40115pt x 251.07503pt.
 [20 <../prompt images/21-sample-reset-controls.png> <../prompt images/22-stale
-state-review.png>]
<../prompt images/24 -final-ui-image.png, id=529, 906.38625pt x 897.3525pt>
File: ../prompt images/24 -final-ui-image.png Graphic file (type png)
<use ../prompt images/24 -final-ui-image.png>
Package pdftex.def Info: ../prompt images/24 -final-ui-image.png  used on input
 line 354.
(pdftex.def)             Requested size: 469.40115pt x 464.72273pt.
 [21 <../prompt images/23-final-ui-prompt.png>]
<../prompt images/25-acceptance-audit.png, id=536, 906.38625pt x 468.24937pt>
File: ../prompt images/25-acceptance-audit.png Graphic file (type png)
<use ../prompt images/25-acceptance-audit.png>
Package pdftex.def Info: ../prompt images/25-acceptance-audit.png  used on inpu
t line 356.
(pdftex.def)             Requested size: 469.40115pt x 242.49792pt.
 [22 <../prompt images/24 -final-ui-image.png>]
<../prompt images/26-code-review.png, id=543, 906.38625pt x 484.81125pt>
File: ../prompt images/26-code-review.png Graphic file (type png)
<use ../prompt images/26-code-review.png>
Package pdftex.def Info: ../prompt images/26-code-review.png  used on input lin
e 358.
(pdftex.def)             Requested size: 469.40115pt x 251.07503pt.
<../prompt images/27 -code-fixes-after-review.png, id=544, 906.38625pt x 463.73
25pt>
File: ../prompt images/27 -code-fixes-after-review.png Graphic file (type png)
<use ../prompt images/27 -code-fixes-after-review.png>
Package pdftex.def Info: ../prompt images/27 -code-fixes-after-review.png  used
 on input line 360.
(pdftex.def)             Requested size: 469.40115pt x 240.15872pt.
 [23 <../prompt images/25-acceptance-audit.png> <../prompt images/26-code-revie
w.png>]
<../prompt images/28 -final-tests-passing.png, id=553, 906.38625pt x 430.60875p
t>
File: ../prompt images/28 -final-tests-passing.png Graphic file (type png)
<use ../prompt images/28 -final-tests-passing.png>
Package pdftex.def Info: ../prompt images/28 -final-tests-passing.png  used on 
input line 362.
(pdftex.def)             Requested size: 469.40115pt x 223.00452pt.
<../prompt images/29-readme.png, id=554, 906.38625pt x 382.42876pt>
File: ../prompt images/29-readme.png Graphic file (type png)
<use ../prompt images/29-readme.png>
Package pdftex.def Info: ../prompt images/29-readme.png  used on input line 364
.
(pdftex.def)             Requested size: 469.40115pt x 198.05296pt.
 [24 <../prompt images/27 -code-fixes-after-review.png> <../prompt images/28 -f
inal-tests-passing.png>]
<../prompt images/30 -final-prompt to push updates to github.png, id=565, 906.3
8625pt x 469.755pt>
File: ../prompt images/30 -final-prompt to push updates to github.png Graphic f
ile (type png)
<use ../prompt images/30 -final-prompt to push updates to github.png>
Package pdftex.def Info: ../prompt images/30 -final-prompt to push updates to g
ithub.png  used on input line 366.
(pdftex.def)             Requested size: 469.40115pt x 243.27768pt.
 [25 <../prompt images/29-readme.png> <../prompt images/30 -final-prompt to pus
h updates to github.png>]
[26] (./Sports_Squad_Interview_Report.aux)
 ***********
LaTeX2e <2023-11-01> patch level 1
L3 programming layer <2024-01-22>
 ***********
Package rerunfilecheck Info: File `Sports_Squad_Interview_Report.out' has not c
hanged.
(rerunfilecheck)             Checksum: A1EFD1C6E7C4FD542E0C173D89FBA3FA;13035.
 ) 
Here is how much of TeX's memory you used:
 17683 strings out of 476182
 282474 string characters out of 5795595
 2006975 words of memory out of 5000000
 39098 multiletter control sequences out of 15000+600000
 622911 words of font info for 162 fonts, out of 8000000 for 9000
 14 hyphenation exceptions out of 8191
 75i,13n,79p,1218b,1081s stack positions out of 10000i,1000n,20000p,200000b,200000s
</usr/share/texmf/fonts/type1/public/lm/lmbx10.pfb></usr/share/texmf/fonts/ty
pe1/public/lm/lmbx12.pfb></usr/share/texmf/fonts/type1/public/lm/lmr10.pfb></us
r/share/texmf/fonts/type1/public/lm/lmr12.pfb></usr/share/texmf/fonts/type1/pub
lic/lm/lmr17.pfb></usr/share/texmf/fonts/type1/public/lm/lmsy10.pfb></usr/share
/texmf/fonts/type1/public/lm/lmtt10.pfb></usr/share/texlive/texmf-dist/fonts/ty
pe1/public/amsfonts/symbols/msam10.pfb>
Output written on Sports_Squad_Interview_Report.pdf (27 pages, 48354659 bytes).

PDF statistics:
 657 PDF objects out of 1000 (max. 8388607)
 545 compressed objects within 6 object streams
 175 named destinations out of 1000 (max. 500000)
 38519 words of extra memory for PDF output out of 42996 (max. 10000000)

