\BOOKMARK [1][-]{section.1}{\376\377\000E\000x\000e\000c\000u\000t\000i\000v\000e\000\040\000S\000u\000m\000m\000a\000r\000y}{}% 1
\BOOKMARK [2][-]{subsection.1.1}{\376\377\000F\000i\000n\000a\000l\000\040\000R\000e\000s\000u\000l\000t\000\040\000S\000u\000m\000m\000a\000r\000y}{section.1}% 2
\BOOKMARK [1][-]{section.2}{\376\377\000P\000r\000o\000b\000l\000e\000m\000\040\000U\000n\000d\000e\000r\000s\000t\000a\000n\000d\000i\000n\000g}{}% 3
\BOOKMARK [1][-]{section.3}{\376\377\000A\000I\000-\000A\000s\000s\000i\000s\000t\000e\000d\000\040\000D\000e\000v\000e\000l\000o\000p\000m\000e\000n\000t\000\040\000S\000t\000r\000a\000t\000e\000g\000y}{}% 4
\BOOKMARK [1][-]{section.4}{\376\377\000I\000m\000p\000l\000e\000m\000e\000n\000t\000a\000t\000i\000o\000n\000\040\000P\000l\000a\000n}{}% 5
\BOOKMARK [1][-]{section.5}{\376\377\000T\000e\000c\000h\000n\000o\000l\000o\000g\000y\000\040\000a\000n\000d\000\040\000A\000r\000c\000h\000i\000t\000e\000c\000t\000u\000r\000e\000\040\000D\000e\000c\000i\000s\000i\000o\000n\000s}{}% 6
\BOOKMARK [2][-]{subsection.5.1}{\376\377\000T\000e\000c\000h\000n\000o\000l\000o\000g\000y\000\040\000C\000h\000o\000i\000c\000e}{section.5}% 7
\BOOKMARK [2][-]{subsection.5.2}{\376\377\000R\000e\000p\000o\000s\000i\000t\000o\000r\000y\000\040\000S\000t\000r\000u\000c\000t\000u\000r\000e}{section.5}% 8
\BOOKMARK [2][-]{subsection.5.3}{\376\377\000D\000a\000t\000a\000\040\000F\000l\000o\000w}{section.5}% 9
\BOOKMARK [1][-]{section.6}{\376\377\000V\000a\000l\000i\000d\000a\000t\000i\000o\000n\000\040\000L\000o\000g\000i\000c}{}% 10
\BOOKMARK [2][-]{subsection.6.1}{\376\377\000R\000e\000f\000e\000r\000e\000n\000c\000e\000\040\000V\000a\000l\000i\000d\000a\000t\000i\000o\000n}{section.6}% 11
\BOOKMARK [2][-]{subsection.6.2}{\376\377\000C\000o\000u\000n\000t\000\040\000C\000a\000l\000c\000u\000l\000a\000t\000i\000o\000n}{section.6}% 12
\BOOKMARK [2][-]{subsection.6.3}{\376\377\000O\000r\000d\000e\000r\000e\000d\000\040\000V\000i\000o\000l\000a\000t\000i\000o\000n\000s}{section.6}% 13
\BOOKMARK [1][-]{section.7}{\376\377\000T\000e\000s\000t\000i\000n\000g\000\040\000S\000t\000r\000a\000t\000e\000g\000y\000\040\000a\000n\000d\000\040\000E\000v\000i\000d\000e\000n\000c\000e}{}% 14
\BOOKMARK [2][-]{subsection.7.1}{\376\377\000R\000e\000q\000u\000i\000r\000e\000d\000\040\000A\000c\000c\000e\000p\000t\000a\000n\000c\000e\000\040\000C\000a\000s\000e\000s}{section.7}% 15
\BOOKMARK [1][-]{section.8}{\376\377\000U\000I\000\040\000a\000n\000d\000\040\000S\000t\000a\000t\000e\000\040\000S\000y\000n\000c\000h\000r\000o\000n\000i\000z\000a\000t\000i\000o\000n}{}% 16
\BOOKMARK [1][-]{section.9}{\376\377\000H\000u\000m\000a\000n\000\040\000E\000n\000g\000i\000n\000e\000e\000r\000i\000n\000g\000\040\000J\000u\000d\000g\000m\000e\000n\000t\000\040\000D\000u\000r\000i\000n\000g\000\040\000C\000o\000d\000e\000\040\000R\000e\000v\000i\000e\000w}{}% 17
\BOOKMARK [1][-]{section.10}{\376\377\000T\000r\000a\000d\000e\000-\000o\000f\000f\000s\000\040\000a\000n\000d\000\040\000D\000e\000l\000i\000b\000e\000r\000a\000t\000e\000l\000y\000\040\000D\000e\000f\000e\000r\000r\000e\000d\000\040\000W\000o\000r\000k}{}% 18
\BOOKMARK [1][-]{section.11}{\376\377\000I\000n\000t\000e\000r\000v\000i\000e\000w\000\040\000D\000e\000m\000o\000n\000s\000t\000r\000a\000t\000i\000o\000n\000\040\000P\000l\000a\000n}{}% 19
\BOOKMARK [1][-]{section.12}{\376\377\000L\000i\000k\000e\000l\000y\000\040\000I\000n\000t\000e\000r\000v\000i\000e\000w\000\040\000Q\000u\000e\000s\000t\000i\000o\000n\000s\000\040\000a\000n\000d\000\040\000P\000r\000e\000p\000a\000r\000e\000d\000\040\000A\000n\000s\000w\000e\000r\000s}{}% 20
\BOOKMARK [2][-]{subsection.12.1}{\376\377\000W\000h\000y\000\040\000V\000a\000n\000i\000l\000l\000a\000\040\000J\000a\000v\000a\000S\000c\000r\000i\000p\000t\000\040\000i\000n\000s\000t\000e\000a\000d\000\040\000o\000f\000\040\000R\000e\000a\000c\000t\000?}{section.12}% 21
\BOOKMARK [2][-]{subsection.12.2}{\376\377\000W\000h\000y\000\040\000s\000e\000p\000a\000r\000a\000t\000e\000\040\000v\000a\000l\000i\000d\000a\000t\000o\000r\000.\000j\000s\000?}{section.12}% 22
\BOOKMARK [2][-]{subsection.12.3}{\376\377\000H\000o\000w\000\040\000i\000s\000\040\000v\000i\000o\000l\000a\000t\000i\000o\000n\000\040\000o\000r\000d\000e\000r\000i\000n\000g\000\040\000g\000u\000a\000r\000a\000n\000t\000e\000e\000d\000?}{section.12}% 23
\BOOKMARK [2][-]{subsection.12.4}{\376\377\000W\000h\000y\000\040\000n\000o\000t\000\040\000f\000a\000i\000l\000\040\000f\000a\000s\000t\000\040\000o\000n\000\040\000t\000h\000e\000\040\000f\000i\000r\000s\000t\000\040\000n\000o\000r\000m\000a\000l\000\040\000v\000i\000o\000l\000a\000t\000i\000o\000n\000?}{section.12}% 24
\BOOKMARK [2][-]{subsection.12.5}{\376\377\000W\000h\000y\000\040\000i\000s\000\040\000S\0000\0008\000\040\000s\000e\000l\000e\000c\000t\000a\000b\000l\000e\000\040\000i\000f\000\040\000u\000n\000a\000v\000a\000i\000l\000a\000b\000l\000e\000?}{section.12}% 25
\BOOKMARK [2][-]{subsection.12.6}{\376\377\000W\000h\000y\000\040\000n\000o\000t\000\040\000o\000p\000t\000i\000m\000i\000z\000e\000\040\000r\000o\000s\000t\000e\000r\000.\000f\000i\000n\000d\000\050\000\051\000\040\000w\000i\000t\000h\000\040\000a\000\040\000M\000a\000p\000?}{section.12}% 26
\BOOKMARK [1][-]{section.13}{\376\377\000L\000i\000v\000e\000\040\000M\000o\000d\000i\000f\000i\000c\000a\000t\000i\000o\000n\000\040\000S\000t\000r\000a\000t\000e\000g\000y}{}% 27
\BOOKMARK [1][-]{section.14}{\376\377\000F\000i\000n\000a\000l\000\040\000S\000u\000b\000m\000i\000s\000s\000i\000o\000n\000\040\000C\000h\000e\000c\000k\000l\000i\000s\000t}{}% 28
\BOOKMARK [1][-]{section.15}{\376\377\000C\000o\000m\000p\000l\000e\000t\000e\000\040\000A\000I\000\040\000I\000n\000t\000e\000r\000a\000c\000t\000i\000o\000n\000\040\000a\000n\000d\000\040\000D\000e\000v\000e\000l\000o\000p\000m\000e\000n\000t\000\040\000E\000v\000i\000d\000e\000n\000c\000e}{}% 29
\BOOKMARK [2][-]{subsection.15.1}{\376\377\000E\000v\000i\000d\000e\000n\000c\000e\000\040\0000\0001\000:\000\040\000R\000e\000q\000u\000i\000r\000e\000m\000e\000n\000t\000s\000\040\000U\000n\000d\000e\000r\000s\000t\000a\000n\000d\000i\000n\000g}{section.15}% 30
\BOOKMARK [2][-]{subsection.15.2}{\376\377\000E\000v\000i\000d\000e\000n\000c\000e\000\040\0000\0002\000:\000\040\000R\000e\000q\000u\000i\000r\000e\000m\000e\000n\000t\000\040\000R\000i\000s\000k\000\040\000R\000e\000v\000i\000e\000w}{section.15}% 31
\BOOKMARK [2][-]{subsection.15.3}{\376\377\000E\000v\000i\000d\000e\000n\000c\000e\000\040\0000\0003\000:\000\040\000F\000i\000n\000a\000l\000\040\000F\000o\000u\000r\000-\000S\000t\000e\000p\000\040\000P\000l\000a\000n}{section.15}% 32
\BOOKMARK [2][-]{subsection.15.4}{\376\377\000E\000v\000i\000d\000e\000n\000c\000e\000\040\0000\0004\000:\000\040\000T\000e\000c\000h\000n\000o\000l\000o\000g\000y\000\040\000D\000e\000c\000i\000s\000i\000o\000n}{section.15}% 33
\BOOKMARK [2][-]{subsection.15.5}{\376\377\000E\000v\000i\000d\000e\000n\000c\000e\000\040\0000\0005\000:\000\040\000M\000i\000n\000i\000m\000a\000l\000\040\000F\000i\000l\000e\000\040\000S\000t\000r\000u\000c\000t\000u\000r\000e}{section.15}% 34
\BOOKMARK [2][-]{subsection.15.6}{\376\377\000E\000v\000i\000d\000e\000n\000c\000e\000\040\0000\0006\000:\000\040\000P\000r\000o\000j\000e\000c\000t\000\040\000R\000u\000n\000n\000i\000n\000g}{section.15}% 35
\BOOKMARK [2][-]{subsection.15.7}{\376\377\000E\000v\000i\000d\000e\000n\000c\000e\000\040\0000\0007\000:\000\040\000F\000i\000x\000e\000d\000\040\000R\000o\000s\000t\000e\000r}{section.15}% 36
\BOOKMARK [2][-]{subsection.15.8}{\376\377\000E\000v\000i\000d\000e\000n\000c\000e\000\040\0000\0008\000:\000\040\000V\000a\000l\000i\000d\000a\000t\000o\000r\000\040\000D\000e\000s\000i\000g\000n}{section.15}% 37
\BOOKMARK [2][-]{subsection.15.9}{\376\377\000E\000v\000i\000d\000e\000n\000c\000e\000\040\0000\0009\000:\000\040\000I\000n\000v\000a\000l\000i\000d\000\040\000R\000e\000f\000e\000r\000e\000n\000c\000e\000\040\000H\000a\000n\000d\000l\000i\000n\000g}{section.15}% 38
\BOOKMARK [2][-]{subsection.15.10}{\376\377\000E\000v\000i\000d\000e\000n\000c\000e\000\040\0001\0000\000:\000\040\000B\000a\000s\000i\000c\000\040\000S\000q\000u\000a\000d\000\040\000R\000u\000l\000e\000s}{section.15}% 39
\BOOKMARK [2][-]{subsection.15.11}{\376\377\000E\000v\000i\000d\000e\000n\000c\000e\000\040\0001\0001\000:\000\040\000A\000v\000a\000i\000l\000a\000b\000i\000l\000i\000t\000y\000\040\000R\000u\000l\000e}{section.15}% 40
\BOOKMARK [2][-]{subsection.15.12}{\376\377\000E\000v\000i\000d\000e\000n\000c\000e\000\040\0001\0002\000:\000\040\000C\000o\000h\000o\000r\000t\000\040\000B\000o\000u\000n\000d\000a\000r\000y\000\040\000R\000e\000v\000i\000e\000w}{section.15}% 41
\BOOKMARK [2][-]{subsection.15.13}{\376\377\000E\000v\000i\000d\000e\000n\000c\000e\000\040\0001\0003\000:\000\040\000V\000i\000o\000l\000a\000t\000i\000o\000n\000\040\000O\000r\000d\000e\000r\000\040\000R\000e\000v\000i\000e\000w}{section.15}% 42
\BOOKMARK [2][-]{subsection.15.14}{\376\377\000E\000v\000i\000d\000e\000n\000c\000e\000\040\0001\0004\000:\000\040\000V\000a\000l\000i\000d\000\040\000B\000a\000s\000e\000l\000i\000n\000e\000\040\000T\000e\000s\000t}{section.15}% 43
\BOOKMARK [2][-]{subsection.15.15}{\376\377\000E\000v\000i\000d\000e\000n\000c\000e\000\040\0001\0005\000:\000\040\000R\000e\000q\000u\000i\000r\000e\000d\000\040\000S\0000\0007\000\040\000t\000o\000\040\000S\0000\0008\000\040\000I\000n\000v\000a\000l\000i\000d\000\040\000T\000e\000s\000t}{section.15}% 44
\BOOKMARK [2][-]{subsection.15.16}{\376\377\000E\000v\000i\000d\000e\000n\000c\000e\000\040\0001\0006\000:\000\040\000S\000i\000x\000-\000P\000l\000a\000y\000e\000r\000\040\000T\000e\000s\000t}{section.15}% 45
\BOOKMARK [2][-]{subsection.15.17}{\376\377\000E\000v\000i\000d\000e\000n\000c\000e\000\040\0001\0007\000:\000\040\000A\000l\000l\000\040\000V\000a\000l\000i\000d\000a\000t\000o\000r\000\040\000T\000e\000s\000t\000s}{section.15}% 46
\BOOKMARK [2][-]{subsection.15.18}{\376\377\000E\000v\000i\000d\000e\000n\000c\000e\000\040\0001\0008\000:\000\040\000C\000o\000d\000e\000\040\000U\000n\000d\000e\000r\000s\000t\000a\000n\000d\000i\000n\000g}{section.15}% 47
\BOOKMARK [2][-]{subsection.15.19}{\376\377\000E\000v\000i\000d\000e\000n\000c\000e\000\040\0001\0009\000:\000\040\000R\000o\000s\000t\000e\000r\000\040\000U\000I}{section.15}% 48
\BOOKMARK [2][-]{subsection.15.20}{\376\377\000E\000v\000i\000d\000e\000n\000c\000e\000\040\0002\0000\000:\000\040\000V\000a\000l\000i\000d\000\040\000B\000r\000o\000w\000s\000e\000r\000\040\000S\000t\000a\000t\000e}{section.15}% 49
\BOOKMARK [2][-]{subsection.15.21}{\376\377\000E\000v\000i\000d\000e\000n\000c\000e\000\040\0002\0001\000:\000\040\000S\000a\000m\000p\000l\000e\000\040\000a\000n\000d\000\040\000R\000e\000s\000e\000t\000\040\000C\000o\000n\000t\000r\000o\000l\000s}{section.15}% 50
\BOOKMARK [2][-]{subsection.15.22}{\376\377\000E\000v\000i\000d\000e\000n\000c\000e\000\040\0002\0002\000:\000\040\000S\000t\000a\000l\000e\000-\000S\000t\000a\000t\000e\000\040\000R\000e\000v\000i\000e\000w}{section.15}% 51
\BOOKMARK [2][-]{subsection.15.23}{\376\377\000E\000v\000i\000d\000e\000n\000c\000e\000\040\0002\0003\000:\000\040\000F\000i\000n\000a\000l\000\040\000U\000I\000\040\000R\000e\000f\000i\000n\000e\000m\000e\000n\000t\000\040\000P\000r\000o\000m\000p\000t}{section.15}% 52
\BOOKMARK [2][-]{subsection.15.24}{\376\377\000E\000v\000i\000d\000e\000n\000c\000e\000\040\0002\0004\000:\000\040\000F\000i\000n\000a\000l\000\040\000U\000I}{section.15}% 53
\BOOKMARK [2][-]{subsection.15.25}{\376\377\000E\000v\000i\000d\000e\000n\000c\000e\000\040\0002\0005\000:\000\040\000A\000c\000c\000e\000p\000t\000a\000n\000c\000e\000\040\000A\000u\000d\000i\000t}{section.15}% 54
\BOOKMARK [2][-]{subsection.15.26}{\376\377\000E\000v\000i\000d\000e\000n\000c\000e\000\040\0002\0006\000:\000\040\000S\000e\000n\000i\000o\000r\000\040\000C\000o\000d\000e\000\040\000R\000e\000v\000i\000e\000w}{section.15}% 55
\BOOKMARK [2][-]{subsection.15.27}{\376\377\000E\000v\000i\000d\000e\000n\000c\000e\000\040\0002\0007\000:\000\040\000T\000a\000r\000g\000e\000t\000e\000d\000\040\000C\000o\000d\000e\000\040\000F\000i\000x\000e\000s}{section.15}% 56
\BOOKMARK [2][-]{subsection.15.28}{\376\377\000E\000v\000i\000d\000e\000n\000c\000e\000\040\0002\0008\000:\000\040\000F\000i\000n\000a\000l\000\040\000T\000e\000s\000t\000s\000\040\000P\000a\000s\000s\000i\000n\000g}{section.15}% 57
\BOOKMARK [2][-]{subsection.15.29}{\376\377\000E\000v\000i\000d\000e\000n\000c\000e\000\040\0002\0009\000:\000\040\000R\000E\000A\000D\000M\000E\000\040\000P\000r\000e\000p\000a\000r\000a\000t\000i\000o\000n}{section.15}% 58
\BOOKMARK [2][-]{subsection.15.30}{\376\377\000E\000v\000i\000d\000e\000n\000c\000e\000\040\0003\0000\000:\000\040\000F\000i\000n\000a\000l\000\040\000G\000i\000t\000H\000u\000b\000\040\000P\000u\000s\000h\000\040\000P\000r\000o\000m\000p\000t}{section.15}% 59
\BOOKMARK [1][-]{section.16}{\376\377\000C\000l\000o\000s\000i\000n\000g\000\040\000S\000u\000m\000m\000a\000r\000y}{}% 60
